// Jest Snapshot v1, https://goo.gl/fbAQLP

exports[`MikroOrmSalesLeadRepository Integration when saving new sales lead new record should be saved in the database 1`] = `
Array [
  Object {
    "addedAt": "2021-04-17",
    "city": "Warsaw",
    "companySize": "50-100",
    "companyWebsite": "https://valueadd.pl/",
    "country": "PL",
    "industry": "IT",
    "name": "ValueAdd",
    "sourceAdvertisementTitle": "NestJS Developer",
    "sourceAdvertisementUrl": "https://valueadd.pl/career",
  },
]
`;
