// Jest Snapshot v1, https://goo.gl/fbAQLP

exports[`SalesLead when sales lead is acquired should know its name, website, country, industry, company size, source advertisement, advertisement title and city 1`] = `
SalesLead {
  "city": Object {
    "type": undefined,
    "value": "Warsaw",
  },
  "companySize": Object {
    "type": undefined,
    "value": "50-100",
  },
  "companyWebsite": Object {
    "type": undefined,
    "value": "https://valueadd.pl/",
  },
  "country": Object {
    "type": undefined,
    "value": "Poland",
  },
  "industry": Object {
    "type": undefined,
    "value": "Software Development",
  },
  "name": "ValueAdd",
  "sourceAdvertisement": SourceAdvertisement {
    "title": "NestJS Developer",
    "type": Symbol(),
    "url": Object {
      "type": undefined,
      "value": "https://just-join-it.com/",
    },
  },
  Symbol(): false,
  Symbol(): Array [
    NewSalesLeadAcquiredEvent {},
  ],
}
`;
